// Jest Snapshot v1, https://goo.gl/fbAQLP

exports[`renders correctly 1`] = `
<RCTScrollView
  ListEmptyComponent={[Function]}
  data={
    [
      {
        "accessInfo": {
          "accessViewStatus": "SAMPLE",
          "country": "EG",
          "embeddable": true,
          "epub": {
            "isAvailable": false,
          },
          "pdf": {
            "acsTokenLink": "http://books.google.com.eg/books/download/Mop_Hop-sample-pdf.acsm?id=sjGWCgAAQBAJ&format=pdf&output=acs4_fulfillment_token&dl_type=sample&source=gbs_api",
            "isAvailable": true,
          },
          "publicDomain": false,
          "quoteSharingAllowed": false,
          "textToSpeechPermission": "ALLOWED",
          "viewability": "ALL_PAGES",
          "webReaderLink": "http://play.google.com/books/reader?id=sjGWCgAAQBAJ&hl=&source=gbs_api",
        },
        "etag": "rlVL/M4/RxI",
        "id": "sjGWCgAAQBAJ",
        "kind": "books#volume",
        "saleInfo": {
          "country": "EG",
          "isEbook": false,
          "saleability": "NOT_FOR_SALE",
        },
        "searchInfo": {
          "textSnippet": "Featuring clear text and lively illustrations, beginning readers will learn words that feature rhyming -op sounds such as pop, bop, and hop.",
        },
        "selfLink": "https://www.googleapis.com/books/v1/volumes/sjGWCgAAQBAJ",
        "volumeInfo": {
          "allowAnonLogging": false,
          "authors": [
            "Sharon  Coan",
          ],
          "canonicalVolumeLink": "https://books.google.com/books/about/Mop_Hop.html?hl=&id=sjGWCgAAQBAJ",
          "categories": [
            "Juvenile Fiction",
          ],
          "contentVersion": "0.1.2.0.preview.1",
          "description": "Featuring clear text and lively illustrations, beginning readers will learn words that feature rhyming -op sounds such as pop, bop, and hop. The creative storyline and accommodating sight words help readers progress in their early literacy and phonemic skills.",
          "imageLinks": {
            "smallThumbnail": "http://books.google.com/books/content?id=sjGWCgAAQBAJ&printsec=frontcover&img=1&zoom=5&edge=curl&source=gbs_api",
            "thumbnail": "http://books.google.com/books/content?id=sjGWCgAAQBAJ&printsec=frontcover&img=1&zoom=1&edge=curl&source=gbs_api",
          },
          "industryIdentifiers": [
            {
              "identifier": "9781433398919",
              "type": "ISBN_13",
            },
            {
              "identifier": "1433398915",
              "type": "ISBN_10",
            },
          ],
          "infoLink": "http://books.google.com.eg/books?id=sjGWCgAAQBAJ&dq=Mop&hl=&source=gbs_api",
          "language": "en",
          "maturityRating": "NOT_MATURE",
          "pageCount": 10,
          "panelizationSummary": {
            "containsEpubBubbles": false,
            "containsImageBubbles": false,
          },
          "previewLink": "http://books.google.com.eg/books?id=sjGWCgAAQBAJ&printsec=frontcover&dq=Mop&hl=&cd=1&source=gbs_api",
          "printType": "BOOK",
          "publishedDate": "2012-03-01",
          "publisher": "Teacher Created Materials",
          "readingModes": {
            "image": true,
            "text": false,
          },
          "title": "Mop Hop",
        },
      },
      {
        "accessInfo": {
          "accessViewStatus": "NONE",
          "country": "EG",
          "embeddable": false,
          "epub": {
            "isAvailable": false,
          },
          "pdf": {
            "isAvailable": false,
          },
          "publicDomain": false,
          "quoteSharingAllowed": false,
          "textToSpeechPermission": "ALLOWED",
          "viewability": "NO_PAGES",
          "webReaderLink": "http://play.google.com/books/reader?id=055MAQAAIAAJ&hl=&source=gbs_api",
        },
        "etag": "edJv3TJyT0U",
        "id": "055MAQAAIAAJ",
        "kind": "books#volume",
        "saleInfo": {
          "country": "EG",
          "isEbook": false,
          "saleability": "NOT_FOR_SALE",
        },
        "searchInfo": {
          "textSnippet": "Jody discovers she has magic powers, and turns a mop into a person.",
        },
        "selfLink": "https://www.googleapis.com/books/v1/volumes/055MAQAAIAAJ",
        "volumeInfo": {
          "allowAnonLogging": false,
          "authors": [
            "Wilson Gage",
          ],
          "canonicalVolumeLink": "https://books.google.com/books/about/Miss_Osborne_the_Mop.html?hl=&id=055MAQAAIAAJ",
          "categories": [
            "Juvenile Fiction",
          ],
          "contentVersion": "0.3.1.0.preview.0",
          "description": "Jody discovers she has magic powers, and turns a mop into a person.",
          "imageLinks": {
            "smallThumbnail": "http://books.google.com/books/content?id=055MAQAAIAAJ&printsec=frontcover&img=1&zoom=5&source=gbs_api",
            "thumbnail": "http://books.google.com/books/content?id=055MAQAAIAAJ&printsec=frontcover&img=1&zoom=1&source=gbs_api",
          },
          "industryIdentifiers": [
            {
              "identifier": "STANFORD:36105049223816",
              "type": "OTHER",
            },
          ],
          "infoLink": "http://books.google.com.eg/books?id=055MAQAAIAAJ&dq=Mop&hl=&source=gbs_api",
          "language": "en",
          "maturityRating": "NOT_MATURE",
          "pageCount": 168,
          "panelizationSummary": {
            "containsEpubBubbles": false,
            "containsImageBubbles": false,
          },
          "previewLink": "http://books.google.com.eg/books?id=055MAQAAIAAJ&q=Mop&dq=Mop&hl=&cd=2&source=gbs_api",
          "printType": "BOOK",
          "publishedDate": "1963",
          "publisher": "Putnam Publishing Group",
          "readingModes": {
            "image": false,
            "text": false,
          },
          "title": "Miss Osborne-the-Mop",
        },
      },
      {
        "accessInfo": {
          "accessViewStatus": "NONE",
          "country": "EG",
          "embeddable": false,
          "epub": {
            "isAvailable": false,
          },
          "pdf": {
            "isAvailable": false,
          },
          "publicDomain": false,
          "quoteSharingAllowed": false,
          "textToSpeechPermission": "ALLOWED",
          "viewability": "NO_PAGES",
          "webReaderLink": "http://play.google.com/books/reader?id=xDRMCU8bEwMC&hl=&source=gbs_api",
        },
        "etag": "3Y5cMVo+PAw",
        "id": "xDRMCU8bEwMC",
        "kind": "books#volume",
        "saleInfo": {
          "country": "EG",
          "isEbook": false,
          "saleability": "NOT_FOR_SALE",
        },
        "searchInfo": {
          "textSnippet": "Reprint of the ed. published: New York: Viking Press, 1955.",
        },
        "selfLink": "https://www.googleapis.com/books/v1/volumes/xDRMCU8bEwMC",
        "volumeInfo": {
          "allowAnonLogging": false,
          "authors": [
            "Don Freeman",
          ],
          "canonicalVolumeLink": "https://books.google.com/books/about/Mop_Top.html?hl=&id=xDRMCU8bEwMC",
          "categories": [
            "Juvenile Nonfiction",
          ],
          "contentVersion": "0.4.1.0.preview.0",
          "description": "Reprint of the ed. published: New York: Viking Press, 1955.",
          "imageLinks": {
            "smallThumbnail": "http://books.google.com/books/content?id=xDRMCU8bEwMC&printsec=frontcover&img=1&zoom=5&source=gbs_api",
            "thumbnail": "http://books.google.com/books/content?id=xDRMCU8bEwMC&printsec=frontcover&img=1&zoom=1&source=gbs_api",
          },
          "industryIdentifiers": [
            {
              "identifier": "0140503269",
              "type": "ISBN_10",
            },
            {
              "identifier": "9780140503265",
              "type": "ISBN_13",
            },
          ],
          "infoLink": "http://books.google.com.eg/books?id=xDRMCU8bEwMC&dq=Mop&hl=&source=gbs_api",
          "language": "en",
          "maturityRating": "NOT_MATURE",
          "pageCount": 42,
          "panelizationSummary": {
            "containsEpubBubbles": false,
            "containsImageBubbles": false,
          },
          "previewLink": "http://books.google.com.eg/books?id=xDRMCU8bEwMC&q=Mop&dq=Mop&hl=&cd=3&source=gbs_api",
          "printType": "BOOK",
          "publishedDate": "1978",
          "publisher": "Puffin",
          "readingModes": {
            "image": false,
            "text": false,
          },
          "title": "Mop Top",
        },
      },
      {
        "accessInfo": {
          "accessViewStatus": "NONE",
          "country": "EG",
          "embeddable": false,
          "epub": {
            "isAvailable": false,
          },
          "pdf": {
            "isAvailable": false,
          },
          "publicDomain": false,
          "quoteSharingAllowed": false,
          "textToSpeechPermission": "ALLOWED",
          "viewability": "NO_PAGES",
          "webReaderLink": "http://play.google.com/books/reader?id=L_wkvWMsPTIC&hl=&source=gbs_api",
        },
        "etag": "96jQh8WTlr0",
        "id": "L_wkvWMsPTIC",
        "kind": "books#volume",
        "saleInfo": {
          "country": "EG",
          "isEbook": false,
          "saleability": "NOT_FOR_SALE",
        },
        "searchInfo": {
          "textSnippet": "Stories and pictures to help with learning letters, sounds and words.",
        },
        "selfLink": "https://www.googleapis.com/books/v1/volumes/L_wkvWMsPTIC",
        "volumeInfo": {
          "allowAnonLogging": false,
          "authors": [
            "Bobby Lynn Maslen",
          ],
          "canonicalVolumeLink": "https://books.google.com/books/about/Floppy_Mop.html?hl=&id=L_wkvWMsPTIC",
          "categories": [
            "Automobiles",
          ],
          "contentVersion": "1.4.2.0.preview.0",
          "description": "Stories and pictures to help with learning letters, sounds and words.",
          "imageLinks": {
            "smallThumbnail": "http://books.google.com/books/content?id=L_wkvWMsPTIC&printsec=frontcover&img=1&zoom=5&source=gbs_api",
            "thumbnail": "http://books.google.com/books/content?id=L_wkvWMsPTIC&printsec=frontcover&img=1&zoom=1&source=gbs_api",
          },
          "industryIdentifiers": [
            {
              "identifier": "0439175607",
              "type": "ISBN_10",
            },
            {
              "identifier": "9780439175609",
              "type": "ISBN_13",
            },
          ],
          "infoLink": "http://books.google.com.eg/books?id=L_wkvWMsPTIC&dq=Mop&hl=&source=gbs_api",
          "language": "en",
          "maturityRating": "NOT_MATURE",
          "pageCount": 20,
          "panelizationSummary": {
            "containsEpubBubbles": false,
            "containsImageBubbles": false,
          },
          "previewLink": "http://books.google.com.eg/books?id=L_wkvWMsPTIC&q=Mop&dq=Mop&hl=&cd=4&source=gbs_api",
          "printType": "BOOK",
          "publishedDate": "1996-12",
          "publisher": "Bob Books Kids",
          "readingModes": {
            "image": false,
            "text": false,
          },
          "title": "Floppy Mop",
        },
      },
      {
        "accessInfo": {
          "accessViewStatus": "SAMPLE",
          "country": "EG",
          "embeddable": true,
          "epub": {
            "acsTokenLink": "http://books.google.com.eg/books/download/Mop_Men-sample-epub.acsm?id=E9z76PkePX4C&format=epub&output=acs4_fulfillment_token&dl_type=sample&source=gbs_api",
            "isAvailable": true,
          },
          "pdf": {
            "isAvailable": false,
          },
          "publicDomain": false,
          "quoteSharingAllowed": false,
          "textToSpeechPermission": "ALLOWED",
          "viewability": "PARTIAL",
          "webReaderLink": "http://play.google.com/books/reader?id=E9z76PkePX4C&hl=&source=gbs_api",
        },
        "etag": "tT7RATm5Xuo",
        "id": "E9z76PkePX4C",
        "kind": "books#volume",
        "saleInfo": {
          "buyLink": "https://play.google.com/store/books/details?id=E9z76PkePX4C&rdid=book-E9z76PkePX4C&rdot=1&source=gbs_api",
          "country": "EG",
          "isEbook": true,
          "listPrice": {
            "amount": 359.02,
            "currencyCode": "EGP",
          },
          "offers": [
            {
              "finskyOfferType": 1,
              "listPrice": {
                "amountInMicros": 359020000,
                "currencyCode": "EGP",
              },
              "retailPrice": {
                "amountInMicros": 359020000,
                "currencyCode": "EGP",
              },
            },
          ],
          "retailPrice": {
            "amount": 359.02,
            "currencyCode": "EGP",
          },
          "saleability": "FOR_SALE",
        },
        "searchInfo": {
          "textSnippet": "Alan Emmins offers a glimpse at this little-known aspect of America&#39;s most gruesome deaths.",
        },
        "selfLink": "https://www.googleapis.com/books/v1/volumes/E9z76PkePX4C",
        "volumeInfo": {
          "allowAnonLogging": true,
          "authors": [
            "Alan Emmins",
          ],
          "canonicalVolumeLink": "https://play.google.com/store/books/details?id=E9z76PkePX4C",
          "categories": [
            "True Crime",
          ],
          "contentVersion": "1.3.4.0.preview.2",
          "description": "Neal Smither doesn't hide his work. The side of his van reads: "Crime Scene Cleaners: Homicides, Suicides and Accidental Death." Whenever a hotel guest permanently checks out, the cops finish an investigation, or an accidental death is reported, Smither's crew pick up the pieces after the police cruisers and ambulances have left. Alan Emmins offers a glimpse at this little-known aspect of America's most gruesome deaths. Filled with details as fascinating as they are gory, Mop Men examines not just the public fascination with murder but also how a self-made success like Smither can make a fortune just by praying for death.",
          "imageLinks": {
            "smallThumbnail": "http://books.google.com/books/content?id=E9z76PkePX4C&printsec=frontcover&img=1&zoom=5&edge=curl&source=gbs_api",
            "thumbnail": "http://books.google.com/books/content?id=E9z76PkePX4C&printsec=frontcover&img=1&zoom=1&edge=curl&source=gbs_api",
          },
          "industryIdentifiers": [
            {
              "identifier": "9781429988049",
              "type": "ISBN_13",
            },
            {
              "identifier": "1429988045",
              "type": "ISBN_10",
            },
          ],
          "infoLink": "https://play.google.com/store/books/details?id=E9z76PkePX4C&source=gbs_api",
          "language": "en",
          "maturityRating": "NOT_MATURE",
          "pageCount": 275,
          "panelizationSummary": {
            "containsEpubBubbles": false,
            "containsImageBubbles": false,
          },
          "previewLink": "http://books.google.com.eg/books?id=E9z76PkePX4C&printsec=frontcover&dq=Mop&hl=&cd=5&source=gbs_api",
          "printType": "BOOK",
          "publishedDate": "2009-01-20",
          "publisher": "Macmillan",
          "readingModes": {
            "image": false,
            "text": true,
          },
          "subtitle": "Inside the World of Crime Scene Cleaners",
          "title": "Mop Men",
        },
      },
      {
        "accessInfo": {
          "accessViewStatus": "NONE",
          "country": "EG",
          "embeddable": false,
          "epub": {
            "isAvailable": false,
          },
          "pdf": {
            "isAvailable": false,
          },
          "publicDomain": false,
          "quoteSharingAllowed": false,
          "textToSpeechPermission": "ALLOWED",
          "viewability": "NO_PAGES",
          "webReaderLink": "http://play.google.com/books/reader?id=vfuXzQEACAAJ&hl=&source=gbs_api",
        },
        "etag": "kdaoV8HCSrw",
        "id": "vfuXzQEACAAJ",
        "kind": "books#volume",
        "saleInfo": {
          "country": "EG",
          "isEbook": false,
          "saleability": "NOT_FOR_SALE",
        },
        "searchInfo": {
          "textSnippet": "The Mop Sam and Tim are baking a cake with the help of their little friend. I am the Boss! Dan and Dad are enjoying a lovely sunny day outside, but Sam the dog accidentally spoils it!",
        },
        "selfLink": "https://www.googleapis.com/books/v1/volumes/vfuXzQEACAAJ",
        "volumeInfo": {
          "allowAnonLogging": false,
          "authors": [
            "Gemma McMullen",
          ],
          "canonicalVolumeLink": "https://books.google.com/books/about/The_Mop_and_Dad_at_the_Top.html?hl=&id=vfuXzQEACAAJ",
          "contentVersion": "preview-1.0.0",
          "description": "The MopSam and Tim are baking a cake with the help of their little friend.I am the Boss!Dan and Dad are enjoying a lovely sunny day outside, but Sam the dog accidentally spoils it!",
          "imageLinks": {
            "smallThumbnail": "http://books.google.com/books/content?id=vfuXzQEACAAJ&printsec=frontcover&img=1&zoom=5&source=gbs_api",
            "thumbnail": "http://books.google.com/books/content?id=vfuXzQEACAAJ&printsec=frontcover&img=1&zoom=1&source=gbs_api",
          },
          "industryIdentifiers": [
            {
              "identifier": "1839272716",
              "type": "ISBN_10",
            },
            {
              "identifier": "9781839272714",
              "type": "ISBN_13",
            },
          ],
          "infoLink": "http://books.google.com.eg/books?id=vfuXzQEACAAJ&dq=Mop&hl=&source=gbs_api",
          "language": "en",
          "maturityRating": "NOT_MATURE",
          "pageCount": 32,
          "panelizationSummary": {
            "containsEpubBubbles": false,
            "containsImageBubbles": false,
          },
          "previewLink": "http://books.google.com.eg/books?id=vfuXzQEACAAJ&dq=Mop&hl=&cd=6&source=gbs_api",
          "printType": "BOOK",
          "publishedDate": "2020-07-09",
          "publisher": "BookLife Readers",
          "readingModes": {
            "image": false,
            "text": false,
          },
          "title": "The Mop and Dad at the Top",
        },
      },
      {
        "accessInfo": {
          "accessViewStatus": "FULL_PUBLIC_DOMAIN",
          "country": "EG",
          "embeddable": true,
          "epub": {
            "downloadLink": "http://books.google.com.eg/books/download/Dry_Goods_Reporter_and_Midwest_Merchant.epub?id=0ps7AQAAMAAJ&hl=&output=epub&source=gbs_api",
            "isAvailable": false,
          },
          "pdf": {
            "isAvailable": false,
          },
          "publicDomain": true,
          "quoteSharingAllowed": false,
          "textToSpeechPermission": "ALLOWED",
          "viewability": "ALL_PAGES",
          "webReaderLink": "http://play.google.com/books/reader?id=0ps7AQAAMAAJ&hl=&source=gbs_api",
        },
        "etag": "7/ciEP17UAU",
        "id": "0ps7AQAAMAAJ",
        "kind": "books#volume",
        "saleInfo": {
          "buyLink": "https://play.google.com/store/books/details?id=0ps7AQAAMAAJ&rdid=book-0ps7AQAAMAAJ&rdot=1&source=gbs_api",
          "country": "EG",
          "isEbook": true,
          "saleability": "FREE",
        },
        "searchInfo": {
          "textSnippet": "... <b>MOP</b> GETS INTO THE CORNERS Self Feeding Adjustable Handle OF1 FOR THE PRICE OF DUST <b>MOP</b> Interchangeable Here is the big value <b>mop</b> combination that has been awarded the highest award given to mops at the Pan- ama - Pacific Exposition&nbsp;...",
        },
        "selfLink": "https://www.googleapis.com/books/v1/volumes/0ps7AQAAMAAJ",
        "volumeInfo": {
          "allowAnonLogging": false,
          "canonicalVolumeLink": "https://play.google.com/store/books/details?id=0ps7AQAAMAAJ",
          "categories": [
            "Dry-goods",
          ],
          "contentVersion": "2.6.5.0.full.1",
          "imageLinks": {
            "smallThumbnail": "http://books.google.com/books/content?id=0ps7AQAAMAAJ&printsec=frontcover&img=1&zoom=5&edge=curl&source=gbs_api",
            "thumbnail": "http://books.google.com/books/content?id=0ps7AQAAMAAJ&printsec=frontcover&img=1&zoom=1&edge=curl&source=gbs_api",
          },
          "industryIdentifiers": [
            {
              "identifier": "NYPL:33433018879399",
              "type": "OTHER",
            },
          ],
          "infoLink": "https://play.google.com/store/books/details?id=0ps7AQAAMAAJ&source=gbs_api",
          "language": "en",
          "maturityRating": "NOT_MATURE",
          "pageCount": 920,
          "panelizationSummary": {
            "containsEpubBubbles": false,
            "containsImageBubbles": false,
          },
          "previewLink": "http://books.google.com.eg/books?id=0ps7AQAAMAAJ&pg=PA39&dq=Mop&hl=&cd=7&source=gbs_api",
          "printType": "BOOK",
          "publishedDate": "1915",
          "readingModes": {
            "image": true,
            "text": false,
          },
          "title": "Dry Goods Reporter and Midwest Merchant-economist",
        },
      },
      {
        "accessInfo": {
          "accessViewStatus": "SAMPLE",
          "country": "EG",
          "embeddable": true,
          "epub": {
            "isAvailable": false,
          },
          "pdf": {
            "acsTokenLink": "http://books.google.com.eg/books/download/Skin_Therapy-sample-pdf.acsm?id=z2HaNZ8Bf_UC&format=pdf&output=acs4_fulfillment_token&dl_type=sample&source=gbs_api",
            "isAvailable": true,
          },
          "publicDomain": false,
          "quoteSharingAllowed": false,
          "textToSpeechPermission": "ALLOWED",
          "viewability": "PARTIAL",
          "webReaderLink": "http://play.google.com/books/reader?id=z2HaNZ8Bf_UC&hl=&source=gbs_api",
        },
        "etag": "+Q1NHD6k5uE",
        "id": "z2HaNZ8Bf_UC",
        "kind": "books#volume",
        "saleInfo": {
          "country": "EG",
          "isEbook": false,
          "saleability": "NOT_FOR_SALE",
        },
        "searchInfo": {
          "textSnippet": "... <b>MOP</b> . 8 - <b>MOP</b> is given using a liquid filled capsule in the USA ( Oxpsoralen Ultra ) , the dose usually being 0.5 mg / kg bodyweight given 1 to 1.25 h before UVA radia- tion . Less rapidly absorbed forms of 8- <b>MOP</b> require slightly&nbsp;...",
        },
        "selfLink": "https://www.googleapis.com/books/v1/volumes/z2HaNZ8Bf_UC",
        "volumeInfo": {
          "allowAnonLogging": false,
          "authors": [
            "William J Cunliffe",
            "Ronald Marks",
          ],
          "canonicalVolumeLink": "https://books.google.com/books/about/Skin_Therapy.html?hl=&id=z2HaNZ8Bf_UC",
          "categories": [
            "Medical",
          ],
          "contentVersion": "0.3.5.0.preview.1",
          "description": "A collection of articles examining recent developements in skin therapy, and discussing issues of importance for the effective management of patients.",
          "imageLinks": {
            "smallThumbnail": "http://books.google.com/books/content?id=z2HaNZ8Bf_UC&printsec=frontcover&img=1&zoom=5&edge=curl&source=gbs_api",
            "thumbnail": "http://books.google.com/books/content?id=z2HaNZ8Bf_UC&printsec=frontcover&img=1&zoom=1&edge=curl&source=gbs_api",
          },
          "industryIdentifiers": [
            {
              "identifier": "1853171379",
              "type": "ISBN_10",
            },
            {
              "identifier": "9781853171376",
              "type": "ISBN_13",
            },
          ],
          "infoLink": "http://books.google.com.eg/books?id=z2HaNZ8Bf_UC&dq=Mop&hl=&source=gbs_api",
          "language": "en",
          "maturityRating": "NOT_MATURE",
          "pageCount": 220,
          "panelizationSummary": {
            "containsEpubBubbles": false,
            "containsImageBubbles": false,
          },
          "previewLink": "http://books.google.com.eg/books?id=z2HaNZ8Bf_UC&pg=PA19&dq=Mop&hl=&cd=8&source=gbs_api",
          "printType": "BOOK",
          "publishedDate": "1994-01-01",
          "publisher": "CRC Press",
          "readingModes": {
            "image": true,
            "text": false,
          },
          "title": "Skin Therapy",
        },
      },
      {
        "accessInfo": {
          "accessViewStatus": "NONE",
          "country": "EG",
          "embeddable": false,
          "epub": {
            "isAvailable": false,
          },
          "pdf": {
            "isAvailable": false,
          },
          "publicDomain": false,
          "quoteSharingAllowed": false,
          "textToSpeechPermission": "ALLOWED",
          "viewability": "NO_PAGES",
          "webReaderLink": "http://play.google.com/books/reader?id=AfRrAAAACAAJ&hl=&source=gbs_api",
        },
        "etag": "TqXEtdpKw88",
        "id": "AfRrAAAACAAJ",
        "kind": "books#volume",
        "saleInfo": {
          "country": "EG",
          "isEbook": false,
          "saleability": "NOT_FOR_SALE",
        },
        "searchInfo": {
          "textSnippet": "Step inside the magical world of the Hoo Ha House and meet Morris the messy mop. He loves making a mess, but when things get a little out of hand in the kitchen, can he clean it up before Beryl the bucket returns?",
        },
        "selfLink": "https://www.googleapis.com/books/v1/volumes/AfRrAAAACAAJ",
        "volumeInfo": {
          "allowAnonLogging": false,
          "authors": [
            "Jo Marsden",
          ],
          "canonicalVolumeLink": "https://books.google.com/books/about/Morris_the_Messy_Mop.html?hl=&id=AfRrAAAACAAJ",
          "categories": [
            "Children's stories, English",
          ],
          "contentVersion": "preview-1.0.0",
          "description": "Step inside the magical world of the Hoo Ha House and meet Morris the messy mop. He loves making a mess, but when things get a little out of hand in the kitchen, can he clean it up before Beryl the bucket returns?",
          "imageLinks": {
            "smallThumbnail": "http://books.google.com/books/content?id=AfRrAAAACAAJ&printsec=frontcover&img=1&zoom=5&source=gbs_api",
            "thumbnail": "http://books.google.com/books/content?id=AfRrAAAACAAJ&printsec=frontcover&img=1&zoom=1&source=gbs_api",
          },
          "industryIdentifiers": [
            {
              "identifier": "1904725309",
              "type": "ISBN_10",
            },
            {
              "identifier": "9781904725305",
              "type": "ISBN_13",
            },
          ],
          "infoLink": "http://books.google.com.eg/books?id=AfRrAAAACAAJ&dq=Mop&hl=&source=gbs_api",
          "language": "en",
          "maturityRating": "NOT_MATURE",
          "pageCount": 32,
          "previewLink": "http://books.google.com.eg/books?id=AfRrAAAACAAJ&dq=Mop&hl=&cd=9&source=gbs_api",
          "printType": "BOOK",
          "publishedDate": "2006-09",
          "readingModes": {
            "image": false,
            "text": false,
          },
          "title": "Morris the Messy Mop",
        },
      },
    ]
  }
  getItem={[Function]}
  getItemCount={[Function]}
  keyExtractor={[Function]}
  onContentSizeChange={[Function]}
  onLayout={[Function]}
  onMomentumScrollBegin={[Function]}
  onMomentumScrollEnd={[Function]}
  onScroll={[Function]}
  onScrollBeginDrag={[Function]}
  onScrollEndDrag={[Function]}
  refreshControl={
    <RefreshControlMock
      onRefresh={[Function]}
      refreshing={false}
    />
  }
  removeClippedSubviews={false}
  renderItem={[Function]}
  scrollEventThrottle={0.0001}
  showsVerticalScrollIndicator={false}
  stickyHeaderIndices={[]}
  viewabilityConfigCallbackPairs={[]}
>
  <RCTRefreshControl />
  <View>
    <View
      onFocusCapture={[Function]}
      onLayout={[Function]}
      style={null}
    >
      <View
        style={
          {
            "flexDirection": "row",
          }
        }
      >
        <View
          accessibilityState={
            {
              "busy": undefined,
              "checked": undefined,
              "disabled": undefined,
              "expanded": undefined,
              "selected": undefined,
            }
          }
          accessibilityValue={
            {
              "max": undefined,
              "min": undefined,
              "now": undefined,
              "text": undefined,
            }
          }
          accessible={true}
          collapsable={false}
          focusable={true}
          onClick={[Function]}
          onResponderGrant={[Function]}
          onResponderMove={[Function]}
          onResponderRelease={[Function]}
          onResponderTerminate={[Function]}
          onResponderTerminationRequest={[Function]}
          onStartShouldSetResponder={[Function]}
          style={
            {
              "opacity": 1,
            }
          }
        >
          <View>
            <View
              style={
                [
                  {
                    "overflow": "hidden",
                  },
                  undefined,
                ]
              }
            >
              <FastImageView
                defaultSource={null}
                resizeMode="contain"
                style={
                  {
                    "bottom": 0,
                    "left": 0,
                    "position": "absolute",
                    "right": 0,
                    "top": 0,
                  }
                }
              />
            </View>
          </View>
          <View>
            <Text
              ellipsizeMode="tail"
              numberOfLines={2}
            >
              Mop Hop
            </Text>
            <View>
              <View>
                <Text>
                  Sharon  Coan
                </Text>
              </View>
            </View>
          </View>
        </View>
        <View
          accessibilityState={
            {
              "busy": undefined,
              "checked": undefined,
              "disabled": undefined,
              "expanded": undefined,
              "selected": undefined,
            }
          }
          accessibilityValue={
            {
              "max": undefined,
              "min": undefined,
              "now": undefined,
              "text": undefined,
            }
          }
          accessible={true}
          collapsable={false}
          focusable={true}
          onClick={[Function]}
          onResponderGrant={[Function]}
          onResponderMove={[Function]}
          onResponderRelease={[Function]}
          onResponderTerminate={[Function]}
          onResponderTerminationRequest={[Function]}
          onStartShouldSetResponder={[Function]}
          style={
            {
              "opacity": 1,
            }
          }
        >
          <View>
            <View
              style={
                [
                  {
                    "overflow": "hidden",
                  },
                  undefined,
                ]
              }
            >
              <FastImageView
                defaultSource={null}
                resizeMode="contain"
                style={
                  {
                    "bottom": 0,
                    "left": 0,
                    "position": "absolute",
                    "right": 0,
                    "top": 0,
                  }
                }
              />
            </View>
          </View>
          <View>
            <Text
              ellipsizeMode="tail"
              numberOfLines={2}
            >
              Miss Osborne-the-Mop
            </Text>
            <View>
              <View>
                <Text>
                  Wilson Gage
                </Text>
              </View>
            </View>
          </View>
        </View>
      </View>
    </View>
    <View
      onFocusCapture={[Function]}
      onLayout={[Function]}
      style={null}
    >
      <View
        style={
          {
            "flexDirection": "row",
          }
        }
      >
        <View
          accessibilityState={
            {
              "busy": undefined,
              "checked": undefined,
              "disabled": undefined,
              "expanded": undefined,
              "selected": undefined,
            }
          }
          accessibilityValue={
            {
              "max": undefined,
              "min": undefined,
              "now": undefined,
              "text": undefined,
            }
          }
          accessible={true}
          collapsable={false}
          focusable={true}
          onClick={[Function]}
          onResponderGrant={[Function]}
          onResponderMove={[Function]}
          onResponderRelease={[Function]}
          onResponderTerminate={[Function]}
          onResponderTerminationRequest={[Function]}
          onStartShouldSetResponder={[Function]}
          style={
            {
              "opacity": 1,
            }
          }
        >
          <View>
            <View
              style={
                [
                  {
                    "overflow": "hidden",
                  },
                  undefined,
                ]
              }
            >
              <FastImageView
                defaultSource={null}
                resizeMode="contain"
                style={
                  {
                    "bottom": 0,
                    "left": 0,
                    "position": "absolute",
                    "right": 0,
                    "top": 0,
                  }
                }
              />
            </View>
          </View>
          <View>
            <Text
              ellipsizeMode="tail"
              numberOfLines={2}
            >
              Mop Top
            </Text>
            <View>
              <View>
                <Text>
                  Don Freeman
                </Text>
              </View>
            </View>
          </View>
        </View>
        <View
          accessibilityState={
            {
              "busy": undefined,
              "checked": undefined,
              "disabled": undefined,
              "expanded": undefined,
              "selected": undefined,
            }
          }
          accessibilityValue={
            {
              "max": undefined,
              "min": undefined,
              "now": undefined,
              "text": undefined,
            }
          }
          accessible={true}
          collapsable={false}
          focusable={true}
          onClick={[Function]}
          onResponderGrant={[Function]}
          onResponderMove={[Function]}
          onResponderRelease={[Function]}
          onResponderTerminate={[Function]}
          onResponderTerminationRequest={[Function]}
          onStartShouldSetResponder={[Function]}
          style={
            {
              "opacity": 1,
            }
          }
        >
          <View>
            <View
              style={
                [
                  {
                    "overflow": "hidden",
                  },
                  undefined,
                ]
              }
            >
              <FastImageView
                defaultSource={null}
                resizeMode="contain"
                style={
                  {
                    "bottom": 0,
                    "left": 0,
                    "position": "absolute",
                    "right": 0,
                    "top": 0,
                  }
                }
              />
            </View>
          </View>
          <View>
            <Text
              ellipsizeMode="tail"
              numberOfLines={2}
            >
              Floppy Mop
            </Text>
            <View>
              <View>
                <Text>
                  Bobby Lynn Maslen
                </Text>
              </View>
            </View>
          </View>
        </View>
      </View>
    </View>
    <View
      onFocusCapture={[Function]}
      onLayout={[Function]}
      style={null}
    >
      <View
        style={
          {
            "flexDirection": "row",
          }
        }
      >
        <View
          accessibilityState={
            {
              "busy": undefined,
              "checked": undefined,
              "disabled": undefined,
              "expanded": undefined,
              "selected": undefined,
            }
          }
          accessibilityValue={
            {
              "max": undefined,
              "min": undefined,
              "now": undefined,
              "text": undefined,
            }
          }
          accessible={true}
          collapsable={false}
          focusable={true}
          onClick={[Function]}
          onResponderGrant={[Function]}
          onResponderMove={[Function]}
          onResponderRelease={[Function]}
          onResponderTerminate={[Function]}
          onResponderTerminationRequest={[Function]}
          onStartShouldSetResponder={[Function]}
          style={
            {
              "opacity": 1,
            }
          }
        >
          <View>
            <View
              style={
                [
                  {
                    "overflow": "hidden",
                  },
                  undefined,
                ]
              }
            >
              <FastImageView
                defaultSource={null}
                resizeMode="contain"
                style={
                  {
                    "bottom": 0,
                    "left": 0,
                    "position": "absolute",
                    "right": 0,
                    "top": 0,
                  }
                }
              />
            </View>
          </View>
          <View>
            <Text
              ellipsizeMode="tail"
              numberOfLines={2}
            >
              Mop Men
            </Text>
            <View>
              <View>
                <Text>
                  Alan Emmins
                </Text>
              </View>
            </View>
          </View>
        </View>
        <View
          accessibilityState={
            {
              "busy": undefined,
              "checked": undefined,
              "disabled": undefined,
              "expanded": undefined,
              "selected": undefined,
            }
          }
          accessibilityValue={
            {
              "max": undefined,
              "min": undefined,
              "now": undefined,
              "text": undefined,
            }
          }
          accessible={true}
          collapsable={false}
          focusable={true}
          onClick={[Function]}
          onResponderGrant={[Function]}
          onResponderMove={[Function]}
          onResponderRelease={[Function]}
          onResponderTerminate={[Function]}
          onResponderTerminationRequest={[Function]}
          onStartShouldSetResponder={[Function]}
          style={
            {
              "opacity": 1,
            }
          }
        >
          <View>
            <View
              style={
                [
                  {
                    "overflow": "hidden",
                  },
                  undefined,
                ]
              }
            >
              <FastImageView
                defaultSource={null}
                resizeMode="contain"
                style={
                  {
                    "bottom": 0,
                    "left": 0,
                    "position": "absolute",
                    "right": 0,
                    "top": 0,
                  }
                }
              />
            </View>
          </View>
          <View>
            <Text
              ellipsizeMode="tail"
              numberOfLines={2}
            >
              The Mop and Dad at the Top
            </Text>
            <View>
              <View>
                <Text>
                  Gemma McMullen
                </Text>
              </View>
            </View>
          </View>
        </View>
      </View>
    </View>
    <View
      onFocusCapture={[Function]}
      onLayout={[Function]}
      style={null}
    >
      <View
        style={
          {
            "flexDirection": "row",
          }
        }
      >
        <View
          accessibilityState={
            {
              "busy": undefined,
              "checked": undefined,
              "disabled": undefined,
              "expanded": undefined,
              "selected": undefined,
            }
          }
          accessibilityValue={
            {
              "max": undefined,
              "min": undefined,
              "now": undefined,
              "text": undefined,
            }
          }
          accessible={true}
          collapsable={false}
          focusable={true}
          onClick={[Function]}
          onResponderGrant={[Function]}
          onResponderMove={[Function]}
          onResponderRelease={[Function]}
          onResponderTerminate={[Function]}
          onResponderTerminationRequest={[Function]}
          onStartShouldSetResponder={[Function]}
          style={
            {
              "opacity": 1,
            }
          }
        >
          <View>
            <View
              style={
                [
                  {
                    "overflow": "hidden",
                  },
                  undefined,
                ]
              }
            >
              <FastImageView
                defaultSource={null}
                resizeMode="contain"
                style={
                  {
                    "bottom": 0,
                    "left": 0,
                    "position": "absolute",
                    "right": 0,
                    "top": 0,
                  }
                }
              />
            </View>
          </View>
          <View>
            <Text
              ellipsizeMode="tail"
              numberOfLines={2}
            >
              Dry Goods Reporter and Midwest Merchant-economist
            </Text>
            <View />
          </View>
        </View>
        <View
          accessibilityState={
            {
              "busy": undefined,
              "checked": undefined,
              "disabled": undefined,
              "expanded": undefined,
              "selected": undefined,
            }
          }
          accessibilityValue={
            {
              "max": undefined,
              "min": undefined,
              "now": undefined,
              "text": undefined,
            }
          }
          accessible={true}
          collapsable={false}
          focusable={true}
          onClick={[Function]}
          onResponderGrant={[Function]}
          onResponderMove={[Function]}
          onResponderRelease={[Function]}
          onResponderTerminate={[Function]}
          onResponderTerminationRequest={[Function]}
          onStartShouldSetResponder={[Function]}
          style={
            {
              "opacity": 1,
            }
          }
        >
          <View>
            <View
              style={
                [
                  {
                    "overflow": "hidden",
                  },
                  undefined,
                ]
              }
            >
              <FastImageView
                defaultSource={null}
                resizeMode="contain"
                style={
                  {
                    "bottom": 0,
                    "left": 0,
                    "position": "absolute",
                    "right": 0,
                    "top": 0,
                  }
                }
              />
            </View>
          </View>
          <View>
            <Text
              ellipsizeMode="tail"
              numberOfLines={2}
            >
              Skin Therapy
            </Text>
            <View>
              <View>
                <Text>
                  William J Cunliffe
                </Text>
                <Text>
                  Ronald Marks
                </Text>
              </View>
            </View>
          </View>
        </View>
      </View>
    </View>
    <View
      onFocusCapture={[Function]}
      onLayout={[Function]}
      style={null}
    >
      <View
        style={
          {
            "flexDirection": "row",
          }
        }
      >
        <View
          accessibilityState={
            {
              "busy": undefined,
              "checked": undefined,
              "disabled": undefined,
              "expanded": undefined,
              "selected": undefined,
            }
          }
          accessibilityValue={
            {
              "max": undefined,
              "min": undefined,
              "now": undefined,
              "text": undefined,
            }
          }
          accessible={true}
          collapsable={false}
          focusable={true}
          onClick={[Function]}
          onResponderGrant={[Function]}
          onResponderMove={[Function]}
          onResponderRelease={[Function]}
          onResponderTerminate={[Function]}
          onResponderTerminationRequest={[Function]}
          onStartShouldSetResponder={[Function]}
          style={
            {
              "opacity": 1,
            }
          }
        >
          <View>
            <View
              style={
                [
                  {
                    "overflow": "hidden",
                  },
                  undefined,
                ]
              }
            >
              <FastImageView
                defaultSource={null}
                resizeMode="contain"
                style={
                  {
                    "bottom": 0,
                    "left": 0,
                    "position": "absolute",
                    "right": 0,
                    "top": 0,
                  }
                }
              />
            </View>
          </View>
          <View>
            <Text
              ellipsizeMode="tail"
              numberOfLines={2}
            >
              Morris the Messy Mop
            </Text>
            <View>
              <View>
                <Text>
                  Jo Marsden
                </Text>
              </View>
            </View>
          </View>
        </View>
      </View>
    </View>
  </View>
</RCTScrollView>
`;
